apiVersion: gateway.networking.k8s.io/v1
kind: GatewayClass
metadata:
  name: higress
spec: null
status:
  conditions:
  - lastTransitionTime: fake
    message: Handled by Higress controller
    reason: Accepted
    status: "True"
    type: Accepted
---
apiVersion: gateway.networking.k8s.io/v1
kind: Gateway
metadata:
  name: invalid-parameters-type
  namespace: higress-system
spec: null
status:
  addresses:
  - type: Hostname
    value: higress-gateway.higress-system.svc.domain.suffix
  conditions:
  - lastTransitionTime: fake
    message: Unsupported parametersRef group/kind invalid.io/InvalidParameters, only
      ConfigMap is supported
    reason: InvalidParameters
    status: "False"
    type: Accepted
  - lastTransitionTime: fake
    message: Resource programmed, assigned to service(s) higress-gateway.higress-system.svc.domain.suffix:80
    reason: Programmed
    status: "True"
    type: Programmed
  listeners:
  - attachedRoutes: 0
    conditions:
    - lastTransitionTime: fake
      message: No errors found
      reason: Accepted
      status: "True"
      type: Accepted
    - lastTransitionTime: fake
      message: No errors found
      reason: NoConflicts
      status: "False"
      type: Conflicted
    - lastTransitionTime: fake
      message: No errors found
      reason: Programmed
      status: "True"
      type: Programmed
    - lastTransitionTime: fake
      message: No errors found
      reason: ResolvedRefs
      status: "True"
      type: ResolvedRefs
    name: default
    supportedKinds:
    - group: gateway.networking.k8s.io
      kind: HTTPRoute
    - group: gateway.networking.k8s.io
      kind: GRPCRoute
---
apiVersion: gateway.networking.k8s.io/v1
kind: Gateway
metadata:
  name: missing-parameters-configmap
  namespace: higress-system
spec: null
status:
  addresses:
  - type: Hostname
    value: higress-gateway.higress-system.svc.domain.suffix
  conditions:
  - lastTransitionTime: fake
    message: parametersRef ConfigMap higress-system/does-not-exist does not exist
    reason: InvalidParameters
    status: "False"
    type: Accepted
  - lastTransitionTime: fake
    message: Resource programmed, assigned to service(s) higress-gateway.higress-system.svc.domain.suffix:80
    reason: Programmed
    status: "True"
    type: Programmed
  listeners:
  - attachedRoutes: 0
    conditions:
    - lastTransitionTime: fake
      message: No errors found
      reason: Accepted
      status: "True"
      type: Accepted
    - lastTransitionTime: fake
      message: No errors found
      reason: NoConflicts
      status: "False"
      type: Conflicted
    - lastTransitionTime: fake
      message: No errors found
      reason: Programmed
      status: "True"
      type: Programmed
    - lastTransitionTime: fake
      message: No errors found
      reason: ResolvedRefs
      status: "True"
      type: ResolvedRefs
    name: default
    supportedKinds:
    - group: gateway.networking.k8s.io
      kind: HTTPRoute
    - group: gateway.networking.k8s.io
      kind: GRPCRoute
---
apiVersion: gateway.networking.k8s.io/v1
kind: Gateway
metadata:
  name: valid-parameters-configmap
  namespace: higress-system
spec: null
status:
  addresses:
  - type: Hostname
    value: higress-gateway.higress-system.svc.domain.suffix
  conditions:
  - lastTransitionTime: fake
    message: Resource accepted
    reason: Accepted
    status: "True"
    type: Accepted
  - lastTransitionTime: fake
    message: Resource programmed, assigned to service(s) higress-gateway.higress-system.svc.domain.suffix:80
    reason: Programmed
    status: "True"
    type: Programmed
  listeners:
  - attachedRoutes: 0
    conditions:
    - lastTransitionTime: fake
      message: No errors found
      reason: Accepted
      status: "True"
      type: Accepted
    - lastTransitionTime: fake
      message: No errors found
      reason: NoConflicts
      status: "False"
      type: Conflicted
    - lastTransitionTime: fake
      message: No errors found
      reason: Programmed
      status: "True"
      type: Programmed
    - lastTransitionTime: fake
      message: No errors found
      reason: ResolvedRefs
      status: "True"
      type: ResolvedRefs
    name: default
    supportedKinds:
    - group: gateway.networking.k8s.io
      kind: HTTPRoute
    - group: gateway.networking.k8s.io
      kind: GRPCRoute
---
