apiVersion: gateway.networking.k8s.io/v1beta1
kind: GatewayClass
metadata:
  name: higress
spec: null
status:
  conditions:
  - lastTransitionTime: fake
    message: Handled by Higress controller
    reason: Accepted
    status: "True"
    type: Accepted
---
apiVersion: gateway.networking.k8s.io/v1beta1
kind: Gateway
metadata:
  name: invalid-parameters-ref
  namespace: higress-system
spec: null
status:
  addresses:
  - type: Hostname
    value: higress-gateway.higress-system.svc.cluster.local
  conditions:
  - lastTransitionTime: fake
    message: Unsupported parametersRef group/kind invalid.io/InvalidParameters, only
      ConfigMap is supported
    reason: InvalidParameters
    status: "False"
    type: Accepted
  - lastTransitionTime: fake
    message: Resource programmed, assigned to service(s) higress-gateway.higress-system.svc.cluster.local:80
    reason: Programmed
    status: "True"
    type: Programmed
  listeners:
  - attachedRoutes: 0
    conditions:
    - lastTransitionTime: fake
      message: No errors found
      reason: Accepted
      status: "True"
      type: Accepted
    - lastTransitionTime: fake
      message: No errors found
      reason: NoConflicts
      status: "False"
      type: Conflicted
    - lastTransitionTime: fake
      message: No errors found
      reason: Programmed
      status: "True"
      type: Programmed
    - lastTransitionTime: fake
      message: No errors found
      reason: ResolvedRefs
      status: "True"
      type: ResolvedRefs
    name: http
    supportedKinds:
    - group: gateway.networking.k8s.io
      kind: HTTPRoute
    - group: gateway.networking.k8s.io
      kind: GRPCRoute
---
apiVersion: gateway.networking.k8s.io/v1beta1
kind: Gateway
metadata:
  name: missing-parameters-configmap
  namespace: higress-system
spec: null
status:
  addresses:
  - type: Hostname
    value: higress-gateway.higress-system.svc.cluster.local
  conditions:
  - lastTransitionTime: fake
    message: parametersRef ConfigMap higress-system/does-not-exist does not exist
    reason: InvalidParameters
    status: "False"
    type: Accepted
  - lastTransitionTime: fake
    message: Resource programmed, assigned to service(s) higress-gateway.higress-system.svc.cluster.local:80
    reason: Programmed
    status: "True"
    type: Programmed
  listeners:
  - attachedRoutes: 0
    conditions:
    - lastTransitionTime: fake
      message: No errors found
      reason: Accepted
      status: "True"
      type: Accepted
    - lastTransitionTime: fake
      message: No errors found
      reason: NoConflicts
      status: "False"
      type: Conflicted
    - lastTransitionTime: fake
      message: No errors found
      reason: Programmed
      status: "True"
      type: Programmed
    - lastTransitionTime: fake
      message: No errors found
      reason: ResolvedRefs
      status: "True"
      type: ResolvedRefs
    name: http
    supportedKinds:
    - group: gateway.networking.k8s.io
      kind: HTTPRoute
    - group: gateway.networking.k8s.io
      kind: GRPCRoute
---
apiVersion: gateway.networking.k8s.io/v1beta1
kind: Gateway
metadata:
  name: mixed-protocols
  namespace: higress-system
spec: null
status:
  addresses:
  - type: Hostname
    value: higress-gateway.higress-system.svc.cluster.local
  conditions:
  - lastTransitionTime: fake
    message: One or more of the Gateway's listeners are invalid
    reason: ListenersNotValid
    status: "True"
    type: Accepted
  - lastTransitionTime: fake
    message: 'Assigned to service(s) higress-gateway.higress-system.svc.cluster.local:80,
      but failed to assign to all requested addresses: no instances found for hostname
      "higress-gateway.higress-system.svc.cluster.local"'
    reason: Invalid
    status: "False"
    type: Programmed
  listeners:
  - attachedRoutes: 0
    conditions:
    - lastTransitionTime: fake
      message: No errors found
      reason: Accepted
      status: "True"
      type: Accepted
    - lastTransitionTime: fake
      message: No errors found
      reason: NoConflicts
      status: "False"
      type: Conflicted
    - lastTransitionTime: fake
      message: No errors found
      reason: Programmed
      status: "True"
      type: Programmed
    - lastTransitionTime: fake
      message: No errors found
      reason: ResolvedRefs
      status: "True"
      type: ResolvedRefs
    name: http
    supportedKinds:
    - group: gateway.networking.k8s.io
      kind: HTTPRoute
    - group: gateway.networking.k8s.io
      kind: GRPCRoute
  - attachedRoutes: 0
    conditions:
    - lastTransitionTime: fake
      message: protocol "INVALID" is unsupported
      reason: UnsupportedProtocol
      status: "False"
      type: Accepted
    - lastTransitionTime: fake
      message: No errors found
      reason: NoConflicts
      status: "False"
      type: Conflicted
    - lastTransitionTime: fake
      message: No errors found
      reason: Programmed
      status: "True"
      type: Programmed
    - lastTransitionTime: fake
      message: No errors found
      reason: ResolvedRefs
      status: "True"
      type: ResolvedRefs
    name: invalid
    supportedKinds: []
---
apiVersion: gateway.networking.k8s.io/v1beta1
kind: Gateway
metadata:
  name: only-unsupported-protocol
  namespace: higress-system
spec: null
status:
  conditions:
  - lastTransitionTime: fake
    message: None of the Gateway's listeners are valid
    reason: ListenersNotValid
    status: "False"
    type: Accepted
  - lastTransitionTime: fake
    message: 'Failed to assign to any requested addresses: no instances found for
      hostname "higress-gateway.higress-system.svc.cluster.local"'
    reason: Invalid
    status: "False"
    type: Programmed
  listeners:
  - attachedRoutes: 0
    conditions:
    - lastTransitionTime: fake
      message: protocol "INVALID" is unsupported
      reason: UnsupportedProtocol
      status: "False"
      type: Accepted
    - lastTransitionTime: fake
      message: No errors found
      reason: NoConflicts
      status: "False"
      type: Conflicted
    - lastTransitionTime: fake
      message: No errors found
      reason: Programmed
      status: "True"
      type: Programmed
    - lastTransitionTime: fake
      message: No errors found
      reason: ResolvedRefs
      status: "True"
      type: ResolvedRefs
    name: invalid
    supportedKinds: []
---
apiVersion: gateway.networking.k8s.io/v1beta1
kind: Gateway
metadata:
  name: valid-parameters-configmap
  namespace: higress-system
spec: null
status:
  addresses:
  - type: Hostname
    value: higress-gateway.higress-system.svc.cluster.local
  conditions:
  - lastTransitionTime: fake
    message: Resource accepted
    reason: Accepted
    status: "True"
    type: Accepted
  - lastTransitionTime: fake
    message: Resource programmed, assigned to service(s) higress-gateway.higress-system.svc.cluster.local:80
    reason: Programmed
    status: "True"
    type: Programmed
  listeners:
  - attachedRoutes: 0
    conditions:
    - lastTransitionTime: fake
      message: No errors found
      reason: Accepted
      status: "True"
      type: Accepted
    - lastTransitionTime: fake
      message: No errors found
      reason: NoConflicts
      status: "False"
      type: Conflicted
    - lastTransitionTime: fake
      message: No errors found
      reason: Programmed
      status: "True"
      type: Programmed
    - lastTransitionTime: fake
      message: No errors found
      reason: ResolvedRefs
      status: "True"
      type: ResolvedRefs
    name: http
    supportedKinds:
    - group: gateway.networking.k8s.io
      kind: HTTPRoute
    - group: gateway.networking.k8s.io
      kind: GRPCRoute
---
